// Jest Snapshot v1, https://goo.gl/fbAQLP

exports[`Card component renders correctly 1`] = `
<styled.div
  height="auto"
  width="100%"
>
  MyCard
</styled.div>
`;
