// Jest Snapshot v1, https://goo.gl/fbAQLP

exports[`TabMenu component renders correctly 1`] = `
<styled.div>
  MyTabMenu
</styled.div>
`;
