// Jest Snapshot v1, https://goo.gl/fbAQLP

exports[`TableHeader component renders correctly 1`] = `
<styled.div>
  MyTableHeader
</styled.div>
`;
