// Jest Snapshot v1, https://goo.gl/fbAQLP

exports[`Table component renders correctly 1`] = `
<styled.div
  highlighting={false}
>
  MyTable
</styled.div>
`;

exports[`Table component renders correctly with highlighted 1`] = `
<styled.div
  highlighting={false}
>
  MyTable
</styled.div>
`;
