// Jest Snapshot v1, https://goo.gl/fbAQLP

exports[`TableRow component renders correctly 1`] = `
<styled.div>
  MyTableRow
</styled.div>
`;
