// Jest Snapshot v1, https://goo.gl/fbAQLP

exports[`TableCell component renders correctly 1`] = `
<styled.div>
  MyTableCell
</styled.div>
`;
